// Jest Snapshot v1, https://goo.gl/fbAQLP

exports[`Login should render the component 1`] = `
Object {
  "asFragment": [Function],
  "baseElement": <body>
    <div>
      <div
        class=".container-fluid"
      >
        <div
          class="row"
        >
          <div
            class="col-12 text-center"
          >
            <p
              class="fs-1 fw-bold"
            >
              Employee Pool
            </p>
          </div>
        </div>
        <div
          class="row"
        >
          <div
            class="col-12 text-center"
          >
            <img
              alt="..."
              class="img-login"
              src="./login.svg"
            />
          </div>
        </div>
        <div
          class="row"
        >
          <div
            class="col-12 text-center"
          >
            <p
              class="fs-5 fw-bolder"
              data-testid="login-heading"
            >
              Login
            </p>
          </div>
        </div>
        <div
          class="row"
        >
          <div
            class="col-12"
          >
            <form>
              <div
                class="row mb-3"
              >
                <label
                  class="col-sm-2 col-form-label"
                  for="username"
                >
                  User
                </label>
                <div
                  class="col-sm-10"
                >
                  <input
                    class="form-control"
                    data-testid="username"
                    id="username"
                    name="username"
                    type="text"
                    value="sarahedo"
                  />
                </div>
              </div>
              <div
                class="row mb-3"
              >
                <label
                  class="col-sm-2 col-form-label"
                  for="inputPassword"
                >
                  Password
                </label>
                <div
                  class="col-sm-10"
                >
                  <input
                    class="form-control"
                    data-testid="password"
                    id="password"
                    name="password"
                    type="password"
                    value="password123"
                  />
                </div>
              </div>
              <div
                class="text-center"
              >
                <button
                  class="btn btn-primary"
                  data-testid="submit"
                  type="submit"
                >
                  Sign in
                </button>
              </div>
            </form>
          </div>
        </div>
      </div>
    </div>
  </body>,
  "container": <div>
    <div
      class=".container-fluid"
    >
      <div
        class="row"
      >
        <div
          class="col-12 text-center"
        >
          <p
            class="fs-1 fw-bold"
          >
            Employee Pool
          </p>
        </div>
      </div>
      <div
        class="row"
      >
        <div
          class="col-12 text-center"
        >
          <img
            alt="..."
            class="img-login"
            src="./login.svg"
          />
        </div>
      </div>
      <div
        class="row"
      >
        <div
          class="col-12 text-center"
        >
          <p
            class="fs-5 fw-bolder"
            data-testid="login-heading"
          >
            Login
          </p>
        </div>
      </div>
      <div
        class="row"
      >
        <div
          class="col-12"
        >
          <form>
            <div
              class="row mb-3"
            >
              <label
                class="col-sm-2 col-form-label"
                for="username"
              >
                User
              </label>
              <div
                class="col-sm-10"
              >
                <input
                  class="form-control"
                  data-testid="username"
                  id="username"
                  name="username"
                  type="text"
                  value="sarahedo"
                />
              </div>
            </div>
            <div
              class="row mb-3"
            >
              <label
                class="col-sm-2 col-form-label"
                for="inputPassword"
              >
                Password
              </label>
              <div
                class="col-sm-10"
              >
                <input
                  class="form-control"
                  data-testid="password"
                  id="password"
                  name="password"
                  type="password"
                  value="password123"
                />
              </div>
            </div>
            <div
              class="text-center"
            >
              <button
                class="btn btn-primary"
                data-testid="submit"
                type="submit"
              >
                Sign in
              </button>
            </div>
          </form>
        </div>
      </div>
    </div>
  </div>,
  "debug": [Function],
  "findAllByAltText": [Function],
  "findAllByDisplayValue": [Function],
  "findAllByLabelText": [Function],
  "findAllByPlaceholderText": [Function],
  "findAllByRole": [Function],
  "findAllByTestId": [Function],
  "findAllByText": [Function],
  "findAllByTitle": [Function],
  "findByAltText": [Function],
  "findByDisplayValue": [Function],
  "findByLabelText": [Function],
  "findByPlaceholderText": [Function],
  "findByRole": [Function],
  "findByTestId": [Function],
  "findByText": [Function],
  "findByTitle": [Function],
  "getAllByAltText": [Function],
  "getAllByDisplayValue": [Function],
  "getAllByLabelText": [Function],
  "getAllByPlaceholderText": [Function],
  "getAllByRole": [Function],
  "getAllByTestId": [Function],
  "getAllByText": [Function],
  "getAllByTitle": [Function],
  "getByAltText": [Function],
  "getByDisplayValue": [Function],
  "getByLabelText": [Function],
  "getByPlaceholderText": [Function],
  "getByRole": [Function],
  "getByTestId": [Function],
  "getByText": [Function],
  "getByTitle": [Function],
  "queryAllByAltText": [Function],
  "queryAllByDisplayValue": [Function],
  "queryAllByLabelText": [Function],
  "queryAllByPlaceholderText": [Function],
  "queryAllByRole": [Function],
  "queryAllByTestId": [Function],
  "queryAllByText": [Function],
  "queryAllByTitle": [Function],
  "queryByAltText": [Function],
  "queryByDisplayValue": [Function],
  "queryByLabelText": [Function],
  "queryByPlaceholderText": [Function],
  "queryByRole": [Function],
  "queryByTestId": [Function],
  "queryByText": [Function],
  "queryByTitle": [Function],
  "rerender": [Function],
  "unmount": [Function],
}
`;
