// Jest Snapshot v1, https://goo.gl/fbAQLP

exports[`Navigation should render the component 1`] = `
Object {
  "asFragment": [Function],
  "baseElement": <body>
    <div>
      <div
        class="container"
      >
        <div
          class="row"
        >
          <div
            class="col-12 col-md-8"
          >
            <ul
              class="nav nav-tabs"
            >
              <li
                class="nav-item"
              >
                <a
                  class="nav-link"
                  href="/"
                >
                  Home
                </a>
              </li>
              <li
                class="nav-item"
              >
                <a
                  class="nav-link"
                  href="/leaderboard"
                >
                  Leaderboard
                </a>
              </li>
              <li
                class="nav-item"
              >
                <a
                  class="nav-link"
                  href="/new"
                >
                  New Poll
                </a>
              </li>
            </ul>
          </div>
          <div
            class="col-6 col-md-4"
          >
            <span
              class="nav nav-tabs"
              data-testid="user-information"
              style="align-items: center;"
            >
              <img
                alt="sarahedo"
                class="rounded"
                style="width: 30px; height: 30px; margin-right: 5px;"
              />
              sarahedo
              <a
                class="font-medium px-3 py-2 text-slate-700 rounded-lg hover:bg-slate-100 hover:text-slate-900"
              >
                Logout
              </a>
            </span>
          </div>
        </div>
      </div>
    </div>
  </body>,
  "container": <div>
    <div
      class="container"
    >
      <div
        class="row"
      >
        <div
          class="col-12 col-md-8"
        >
          <ul
            class="nav nav-tabs"
          >
            <li
              class="nav-item"
            >
              <a
                class="nav-link"
                href="/"
              >
                Home
              </a>
            </li>
            <li
              class="nav-item"
            >
              <a
                class="nav-link"
                href="/leaderboard"
              >
                Leaderboard
              </a>
            </li>
            <li
              class="nav-item"
            >
              <a
                class="nav-link"
                href="/new"
              >
                New Poll
              </a>
            </li>
          </ul>
        </div>
        <div
          class="col-6 col-md-4"
        >
          <span
            class="nav nav-tabs"
            data-testid="user-information"
            style="align-items: center;"
          >
            <img
              alt="sarahedo"
              class="rounded"
              style="width: 30px; height: 30px; margin-right: 5px;"
            />
            sarahedo
            <a
              class="font-medium px-3 py-2 text-slate-700 rounded-lg hover:bg-slate-100 hover:text-slate-900"
            >
              Logout
            </a>
          </span>
        </div>
      </div>
    </div>
  </div>,
  "debug": [Function],
  "findAllByAltText": [Function],
  "findAllByDisplayValue": [Function],
  "findAllByLabelText": [Function],
  "findAllByPlaceholderText": [Function],
  "findAllByRole": [Function],
  "findAllByTestId": [Function],
  "findAllByText": [Function],
  "findAllByTitle": [Function],
  "findByAltText": [Function],
  "findByDisplayValue": [Function],
  "findByLabelText": [Function],
  "findByPlaceholderText": [Function],
  "findByRole": [Function],
  "findByTestId": [Function],
  "findByText": [Function],
  "findByTitle": [Function],
  "getAllByAltText": [Function],
  "getAllByDisplayValue": [Function],
  "getAllByLabelText": [Function],
  "getAllByPlaceholderText": [Function],
  "getAllByRole": [Function],
  "getAllByTestId": [Function],
  "getAllByText": [Function],
  "getAllByTitle": [Function],
  "getByAltText": [Function],
  "getByDisplayValue": [Function],
  "getByLabelText": [Function],
  "getByPlaceholderText": [Function],
  "getByRole": [Function],
  "getByTestId": [Function],
  "getByText": [Function],
  "getByTitle": [Function],
  "queryAllByAltText": [Function],
  "queryAllByDisplayValue": [Function],
  "queryAllByLabelText": [Function],
  "queryAllByPlaceholderText": [Function],
  "queryAllByRole": [Function],
  "queryAllByTestId": [Function],
  "queryAllByText": [Function],
  "queryAllByTitle": [Function],
  "queryByAltText": [Function],
  "queryByDisplayValue": [Function],
  "queryByLabelText": [Function],
  "queryByPlaceholderText": [Function],
  "queryByRole": [Function],
  "queryByTestId": [Function],
  "queryByText": [Function],
  "queryByTitle": [Function],
  "rerender": [Function],
  "unmount": [Function],
}
`;
